// Jest Snapshot v1, https://goo.gl/fbAQLP

exports[`<Button> when it is rendered with default props has proper markup 1`] = `
<Button
  active={false}
  block={false}
  bsClass="btn"
  bsStyle="default"
  disabled={false}
/>
`;
